data EntryPoints (a :: *) (b :: *) (c :: *) (d :: *) (e :: *) (f :: *)
  = EntryPoints a b c d e f

data Pair (a :: *) (b :: *)
  = Pair a b

-----------------------------------------
-- not recursive
k103 :: forall (a :: *). {} [a] ->> [Word]
k103{} t0 = loop(())

-----------------------------------------
-- not recursive
s9 :: forall (a :: *). [a] ->> [Word]
s9 <-
  k103{}

-----------------------------------------
-- not recursive
k117 :: forall (a :: *). {} [Word] ->> [[a] ->> [Word]]
k117{} t0 = return s9

-----------------------------------------
-- not recursive
s10 :: forall (a :: *). [Word] ->> [[a] ->> [Word]]
s10 <-
  k117{}

-----------------------------------------
-- not recursive
k118 :: forall (a :: *). {} [Word] ->> [[Word] ->> [[a] ->> [Word]]]
k118{} t0 = return s10

-----------------------------------------
-- not recursive
entrypoint m :: forall (a :: *). [Word] ->> [[Word] ->> [[a] ->> [Word]]]
m <-
  k118{}

-----------------------------------------
-- not recursive
k97 :: forall (a :: *). {} [Word] ->> [a]
k97{} t0 = loop(())

-----------------------------------------
-- not recursive
s6 :: forall (a :: *). [Word] ->> [a]
s6 <-
  k97{}

-----------------------------------------
-- not recursive
k114 :: forall (a :: *) (b :: *). {} [a] ->> [[Word] ->> [b]]
k114{} t0 = return s6

-----------------------------------------
-- not recursive
s7 :: forall (a :: *) (b :: *). [a] ->> [[Word] ->> [b]]
s7 <-
  k114{}

-----------------------------------------
-- not recursive
k115 :: forall (a :: *) (b :: *). {} [Word] ->> [[a] ->> [[Word] ->> [b]]]
k115{} t0 = return s7

-----------------------------------------
-- not recursive
s8 :: forall (a :: *) (b :: *). [Word] ->> [[a] ->> [[Word] ->> [b]]]
s8 <-
  k115{}

-----------------------------------------
-- not recursive
k116 :: forall (a :: *) (b :: *). {} [a] ->> [[Word] ->> [[b] ->> [[Word] ->> [a]]]]
k116{} t0 = return s8

-----------------------------------------
-- not recursive
entrypoint l :: forall (a :: *) (b :: *). [a] ->> [[Word] ->> [[b] ->> [[Word] ->> [a]]]]
l <-
  k116{}

-----------------------------------------
-- not recursive
entrypoint k :: forall (a :: *) (b :: *). [a] ->> [[Word] ->> [[b] ->> [[Word] ->> [a]]]]
k <-
  k116{}

-----------------------------------------
-- not recursive
k126 :: forall (a :: *) (b :: tuple). {} [a] ->> b
k126{} t0 = loop(())

-----------------------------------------
-- not recursive
s16 :: forall (a :: *) (b :: tuple). [a] ->> b
s16 <-
  k126{}

-----------------------------------------
-- not recursive
s19 :: forall (a :: *) (b :: tuple) (c :: *) (d :: tuple). Pair ([a] ->> b) ([c] ->> d)
s19 <-
  Pair(s16, s16)

-----------------------------------------
-- not recursive
k110 :: {} [Word] ->> [Pair ([Word] ->> [Word]) ([Word] ->> [Word])]
k110{} t0 = return s19

-----------------------------------------
-- not recursive
entrypoint j :: [Word] ->> [Pair ([Word] ->> [Word]) ([Word] ->> [Word])]
j <-
  k110{}

-----------------------------------------
-- not recursive
entrypoint h :: [Word] ->> [Pair ([Word] ->> [Word]) ([Word] ->> [Word])]
h <-
  k110{}

-----------------------------------------
-- not recursive
k107 :: {} [Word] ->> [Word]
k107{} t0 = mul((t0, 2))

-----------------------------------------
-- not recursive
entrypoint f :: [Word] ->> [Word]
f <-
  k107{}

-----------------------------------------
-- not recursive
entrypoint main :: forall (a :: *) (b :: *) (c :: *) (d :: *) (e :: *). EntryPoints ([Word] ->> [Word]) ([Word] ->> [Pair ([Word] ->> [Word]) ([Word] ->> [Word])]) ([Word] ->> [Pair ([Word] ->> [Word]) ([Word] ->> [Word])]) ([a] ->> [[Word] ->> [[b] ->> [[Word] ->> [a]]]]) ([c] ->> [[Word] ->> [[d] ->> [[Word] ->> [c]]]]) ([Word] ->> [[Word] ->> [[e] ->> [Word]]])
main <-
  EntryPoints(f, h, j, k, l, m)

-----------------------------------------
-- Entrypoints: main m l k j h f
