data Unit
  = Unit

-----------------------------------------
-- not recursive
b87 :: [] >>= [Unit]
b87[] =
  print((2))

-----------------------------------------
-- not recursive
b86 :: [] >>= [Unit]
b86[] =
  print((1))

-----------------------------------------
-- not recursive
entrypoint foo :: [Bit 1] >>= [Unit]
foo[t0] =
  if t0
    then b86[]
    else b87[]

-----------------------------------------
-- Entrypoints: foo
