data List0
  = Nil0
  | Cons1 Word List0

data Main1
  = Main2 ([Word] ->> [[Word] ->> [List0]]) ([Word] ->> [Word]) ([Word] ->> [Word]) ([Word] ->> [Word]) Word ([Word] ->> [Word]) ([Word] ->> [[Word] ->> [Word]]) ([Word] ->> [[Word] ->> [Word]])

-----------------------------------------
-- not recursive
b104 :: [Word, Word] >>= [Word]
b104[t0, t1] =
  t2 <- add((t0, t1))
  add((t2, 4))

-----------------------------------------
-- not recursive
k70 :: {Word} [Word] ->> [Word]
k70{t0} t1 = b104[t0, t1]

-----------------------------------------
-- not recursive
k71 :: {} [Word] ->> [[Word] ->> [Word]]
k71{} t0 = k70{t0}

-----------------------------------------
-- not recursive
ex5 :: [Word] ->> [[Word] ->> [Word]]
ex5 <-
  k71{}

-----------------------------------------
-- not recursive
b101 :: [Word, Word] >>= [Word]
b101[t0, t1] =
  t2 <- add((t0, t1))
  add((t2, 7))

-----------------------------------------
-- not recursive
k68 :: {Word} [Word] ->> [Word]
k68{t0} t1 = b101[t0, t1]

-----------------------------------------
-- not recursive
k69 :: {} [Word] ->> [[Word] ->> [Word]]
k69{} t0 = k68{t0}

-----------------------------------------
-- not recursive
ex4 :: [Word] ->> [[Word] ->> [Word]]
ex4 <-
  k69{}

-----------------------------------------
-- not recursive
k67 :: {} [Word] ->> [Word]
k67{} t0 = mul((t0, 5))

-----------------------------------------
-- not recursive
ex3 :: [Word] ->> [Word]
ex3 <-
  k67{}

-----------------------------------------
-- not recursive
k65 :: {} [Word] ->> [Word]
k65{} t0 = mul((t0, 2))

-----------------------------------------
-- not recursive
ex2 :: [Word] ->> [Word]
ex2 <-
  k65{}

-----------------------------------------
-- not recursive
k63 :: {} [Word] ->> [Word]
k63{} t0 = mul((t0, 3))

-----------------------------------------
-- not recursive
ex1a :: [Word] ->> [Word]
ex1a <-
  k63{}

-----------------------------------------
-- not recursive
Nil :: List0
Nil <-
  Nil0()

-----------------------------------------
-- not recursive
b85 :: [Word, Word] >>= [List0]
b85[t0, t1] =
  t2 <- shl((t1, 2))
  t3 <- add((t2, t1))
  t4 <- mul((t1, 10))
  t5 <- sub((t0, t1))
  t6 <- sub((t1, t0))
  t7 <- sub((1, t1))
  t8 <- sub((2, t1))
  t9 <- add((t1, 1))
  t10 <- add((t1, 9))
  t11 <- add((t1, -13))
  t12 <- sub((99, t0))
  t13 <- sub((102, t0))
  t14 <- add((t0, 100))
  t15 <- add((t1, t0))
  t16 <- neg((t15))
  t17 <- add((t0, t1))
  t18 <- Cons1(t17, Nil)
  t19 <- Cons1(t16, t18)
  t20 <- Cons1(t14, t19)
  t21 <- Cons1(t13, t20)
  t22 <- Cons1(t12, t21)
  t23 <- Cons1(t11, t22)
  t24 <- Cons1(t10, t23)
  t25 <- Cons1(t9, t24)
  t26 <- Cons1(t9, t25)
  t27 <- Cons1(t8, t26)
  t28 <- Cons1(t7, t27)
  t29 <- Cons1(t6, t28)
  t30 <- Cons1(t5, t29)
  t31 <- Cons1(t4, t30)
  t32 <- Cons1(t3, t31)
  Cons1(t2, t32)

-----------------------------------------
-- not recursive
k60 :: {Word} [Word] ->> [List0]
k60{t0} t1 = b85[t1, t0]

-----------------------------------------
-- not recursive
k61 :: {} [Word] ->> [[Word] ->> [List0]]
k61{} t0 = k60{t0}

-----------------------------------------
-- not recursive
ex0 :: [Word] ->> [[Word] ->> [List0]]
ex0 <-
  k61{}

-----------------------------------------
-- not recursive
entrypoint main :: Main1
main <-
  Main2(ex0, ex1a, ex1a, ex2, 6, ex3, ex4, ex5)

-----------------------------------------
-- Entrypoints: main
