-----------------------------------------
-- not recursive
b80 :: [] >>= [Bit 32]
b80[] =
  return 1

-----------------------------------------
-- not recursive
b82 :: [] >>= [Bit 32]
b82[] =
  return 0

-----------------------------------------
-- recursive
b95 :: [Bit 32, Bit 32] >>= [Bit 32]
b95[t0, t1] =
  t2 <- primEq((t0, t1))
  if t2
    then b80[]
    else b79[t0]
b79 :: [Bit 32] >>= [Bit 32]
b79[t0] =
  t1 <- add((t0, -1))
  t2 <- b99[t1, 0]
  t3 <- add((t0, -2))
  t4 <- b99[t3, 0]
  add((t2, t4))
b99 :: [Bit 32, Bit 32] >>= [Bit 32]
b99[t0, t1] =
  t2 <- primEq((t0, t1))
  if t2
    then b82[]
    else b95[t0, 1]

-----------------------------------------
-- not recursive
entrypoint fib15 :: Bit 32
fib15 <-
  b99[15, 0]

-----------------------------------------
-- not recursive
entrypoint fib12 :: Bit 32
fib12 <-
  b99[12, 0]

-----------------------------------------
-- not recursive
k52 :: {} [Bit 32] ->> [Bit 32]
k52{} t0 = b99[t0, 0]

-----------------------------------------
-- not recursive
entrypoint fib :: [Bit 32] ->> [Bit 32]
fib <-
  k52{}

-----------------------------------------
-- Entrypoints: fib15 fib12 fib
