data Maybe0
  = Nothing0
  | Just1 Word

data Unit
  = Unit

-----------------------------------------
-- not recursive
b0 :: [] >>= [Unit]
b0[] =
  halt(())

-----------------------------------------
-- not recursive
Unit :: Unit
Unit <-
  Unit()

-----------------------------------------
-- not recursive
b79 :: [] >>= [Unit]
b79[] =
  [] <- print((1))
  [] <- print((2))
  [] <- print((3))
  return Unit

-----------------------------------------
-- not recursive
entrypoint main :: [Maybe0] >>= [Unit]
main[t0] =
  case t0 of
    Just1 -> b79[]
    Nothing0 -> b0[]

-----------------------------------------
-- Entrypoints: main
