-----------------------------------------
-- not recursive
k39 :: {} [Word] ->> [Word]
k39{} t0 = return t0

-----------------------------------------
-- not recursive
entrypoint f :: [Word] ->> [Word]
f <-
  k39{}

-----------------------------------------
-- Entrypoints: f
