digraph MIL {
  "main"[style=filled, fillcolor=lightblue];
  "Nil"[style=filled, fillcolor=white];
  "main" -> "Nil";
  "b81"[style=filled, fillcolor=lightblue];
  "main" -> "b81";
  "b79" -> "b81";
  "b95"[style=filled, fillcolor=lightblue];
  "b81" -> "b95";
  "b97" -> "b95";
  "b97"[style=filled, fillcolor=lightblue];
  "b95" -> "b97";
  "b96"[style=filled, fillcolor=lightblue];
  "b95" -> "b96";
  "Unit"[style=filled, fillcolor=white];
  "b96" -> "Unit";
  "b79"[style=filled, fillcolor=lightblue];
  "b81" -> "b79";
}
