-----------------------------------------
-- not recursive
b4 :: forall (a :: *). [a] >>= [a]
b4[t0] =
  return t0

-----------------------------------------
-- not recursive
k3 :: forall (a :: *). {} [a] ->> [a]
k3{} t0 = b4[t0]

-----------------------------------------
-- not recursive
b5 :: forall (a :: *). [] >>= [[a] ->> [a]]
b5[] =
  t0 <- k3{}
  return t0

-----------------------------------------
-- not recursive
entrypoint id :: forall (a :: *). [a] ->> [a]
id <-
  b5[]

-----------------------------------------
-- Entrypoints: id
