data Rainbow
  = Red
  | Orange
  | Yellow
  | Green
  | Blue
  | Indigo
  | Violet

data Unit
  = Unit

-----------------------------------------
-- not recursive
external print :: [Bit 32] ->> [[] ->> [Unit]]

-----------------------------------------
-- not recursive
b11 :: [] >>= [Unit]
b11[] =
  t0 <- print @ 1
  t0 @ []

-----------------------------------------
-- not recursive
b10 :: [] >>= [Unit]
b10[] =
  t0 <- print @ 2
  t0 @ []

-----------------------------------------
-- not recursive
b9 :: [] >>= [Unit]
b9[] =
  t0 <- print @ 3
  t0 @ []

-----------------------------------------
-- not recursive
b8 :: [] >>= [Unit]
b8[] =
  t0 <- print @ 4
  t0 @ []

-----------------------------------------
-- not recursive
b7 :: [] >>= [Unit]
b7[] =
  t0 <- print @ 5
  t0 @ []

-----------------------------------------
-- not recursive
b6 :: [] >>= [Unit]
b6[] =
  t0 <- print @ 6
  t0 @ []

-----------------------------------------
-- not recursive
b15 :: [] >>= [Unit]
b15[] =
  t0 <- print @ 100
  t0 @ []

-----------------------------------------
-- not recursive
b12 :: [Rainbow] >>= [Unit]
b12[t0] =
  case t0 of
    Red -> b11[]
    Orange -> b10[]
    Yellow -> b9[]
    Green -> b8[]
    Indigo -> b7[]
    Violet -> b6[]
    Blue -> b15[]

-----------------------------------------
-- not recursive
k3 :: {Rainbow} [] ->> [Unit]
k3{t0} [] = b12[t0]

-----------------------------------------
-- not recursive
k4 :: {} [Rainbow] ->> [[] ->> [Unit]]
k4{} t0 = k3{t0}

-----------------------------------------
-- not recursive
entrypoint test1 :: [Rainbow] ->> [[] ->> [Unit]]
test1 <-
  k4{}

-----------------------------------------
-- Entrypoints: test1
