data Maybe (a :: *)
  = Nothing
  | Just a

data Unit
  = Unit

-----------------------------------------
-- not recursive
external print :: [Bit 32] ->> [[] ->> [Unit]]

-----------------------------------------
-- not recursive
b10 :: [Maybe (Bit 32)] >>= [[] ->> [Unit]]
b10[t0] =
  assert t0 Just
  t1 <- Just 0 t0
  print @ t1

-----------------------------------------
-- not recursive
b11 :: [] >>= [[] ->> [Unit]]
b11[] =
  print @ 2

-----------------------------------------
-- not recursive
b8 :: [Maybe (Bit 32)] >>= [[] ->> [Unit]]
b8[t0] =
  case t0 of
    Just -> b10[t0]
    Nothing -> b11[]

-----------------------------------------
-- not recursive
k4 :: {} [Maybe (Bit 32)] ->> [[] ->> [Unit]]
k4{} t0 = b8[t0]

-----------------------------------------
-- not recursive
entrypoint test1 :: [Maybe (Bit 32)] ->> [[] ->> [Unit]]
test1 <-
  k4{}

-----------------------------------------
-- Entrypoints: test1
