data Unit
  = Unit

-----------------------------------------
-- not recursive
entrypoint selectX :: [Bit 32, Unit] >>= [Bit 32]
selectX[t0, t1] =
  return t0

-----------------------------------------
-- not recursive
entrypoint selectY :: [Bit 32, Unit] >>= [Bit 32]
selectY[t0, t1] =
  add((t0, 4))

-----------------------------------------
-- not recursive
entrypoint selectZ :: [Bit 32, Unit] >>= [Bit 32]
selectZ[t0, t1] =
  add((t0, 5))

-----------------------------------------
-- not recursive
entrypoint selectU :: [Bit 32, Unit] >>= [Bit 32]
selectU[t0, t1] =
  return t0

-----------------------------------------
-- not recursive
entrypoint selectV :: [Bit 32, Unit] >>= [Bit 32]
selectV[t0, t1] =
  add((t0, 4))

-----------------------------------------
-- not recursive
entrypoint selectW :: [Bit 32, Unit] >>= [Bit 32]
selectW[t0, t1] =
  add((t0, 8))

-----------------------------------------
-- not recursive
entrypoint selectA :: [Bit 32, Unit] >>= [Bit 32]
selectA[t0, t1] =
  return t0

-----------------------------------------
-- not recursive
entrypoint selectB :: [Bit 32, Unit] >>= [Bit 32]
selectB[t0, t1] =
  add((t0, 12))

-----------------------------------------
-- Entrypoints: selectX selectY selectZ selectU selectV selectW selectA selectB
