data Unit
  = Unit

-----------------------------------------
-- not recursive
s1 :: Unit
s1 <-
  Unit()

-----------------------------------------
-- not recursive
entrypoint toBit0 :: [Bit 32] >>= [Unit]
toBit0[t0] =
  return s1

-----------------------------------------
-- not recursive
entrypoint toBit1 :: [Bit 32] >>= [Bit 1]
toBit1[t0] =
  primNeq((t0, 0))

-----------------------------------------
-- not recursive
entrypoint toBit2 :: [Bit 32] >>= [Bit 32]
toBit2[t0] =
  and((t0, 3))

-----------------------------------------
-- not recursive
entrypoint toBit12 :: [Bit 32] >>= [Bit 32]
toBit12[t0] =
  and((t0, 4095))

-----------------------------------------
-- not recursive
entrypoint toBit31 :: [Bit 32] >>= [Bit 32]
toBit31[t0] =
  and((t0, 2147483647))

-----------------------------------------
-- not recursive
entrypoint toBit32 :: [Bit 32] >>= [Bit 32]
toBit32[t0] =
  return t0

-----------------------------------------
-- Entrypoints: toBit0 toBit1 toBit2 toBit12 toBit31 toBit32
