data Unit
  = Unit

-----------------------------------------
-- not recursive
entrypoint aPDE :: Bit 32
aPDE <-
  return 0

-----------------------------------------
-- not recursive
entrypoint isMapped :: [Bit 32] >>= [Bit 1]
isMapped[t0] =
  t1 <- and((t0, 1))
  primNeq((t1, 0))

-----------------------------------------
-- not recursive
entrypoint isMapped1 :: [Bit 32] >>= [Bit 1]
isMapped1[t0] =
  t1 <- and((t0, 1))
  primNeq((t1, 0))

-----------------------------------------
-- not recursive
b102 :: forall (a :: *). [a] >>= [Unit]
b102[t0] =
  a(())

-----------------------------------------
-- not recursive
b101 :: [] >>= [Unit]
b101[] =
  b(())

-----------------------------------------
-- not recursive
entrypoint usecase :: [Bit 32] >>= [Unit]
usecase[t0] =
  t1 <- and((t0, 1))
  t2 <- primEq((t1, 0))
  if t2
    then b101[]
    else b102[t0]

-----------------------------------------
-- not recursive
b104 :: [] >>= [Unit]
b104[] =
  a(())

-----------------------------------------
-- not recursive
entrypoint usecase1 :: [Bit 32] >>= [Unit]
usecase1[t0] =
  t1 <- and((t0, 1))
  t2 <- primEq((t1, 0))
  if t2
    then b101[]
    else b104[]

-----------------------------------------
-- Entrypoints: aPDE isMapped isMapped1 usecase usecase1
