bitdata Foo /32

-- bit pattern:
--  ________________________________

-----------------------------------------
-- not recursive
k3 :: forall (a :: *). {} [a] ->> [a]
k3{} t0 = return t0

-----------------------------------------
-- not recursive
entrypoint idfoo :: [Foo] ->> [Foo]
idfoo <-
  k3{}

-----------------------------------------
-- Entrypoints: idfoo
