-----------------------------------------
-- not recursive
entrypoint tt :: Bit 1
tt <-
  return flag1

-----------------------------------------
-- not recursive
entrypoint ff :: Bit 1
ff <-
  return flag0

-----------------------------------------
-- not recursive
entrypoint at :: Bit 1
at <-
  return flag1

-----------------------------------------
-- not recursive
entrypoint sf :: Bit 1
sf <-
  return flag0

-----------------------------------------
-- not recursive
entrypoint bt :: Bit 1
bt <-
  return flag1

-----------------------------------------
-- not recursive
entrypoint bf :: Bit 1
bf <-
  return flag0

-----------------------------------------
-- not recursive
b5 :: [] >>= [Word]
b5[] =
  return 2

-----------------------------------------
-- not recursive
b6 :: [] >>= [Word]
b6[] =
  return 1

-----------------------------------------
-- not recursive
entrypoint decide :: [Bit 1] >>= [Word]
decide[t0] =
  if t0
    then b6[]
    else b5[]

-----------------------------------------
-- Entrypoints: tt ff at sf bt bf decide
