-----------------------------------------
-- not recursive
entrypoint mkU :: [Word] >>= [Word]
mkU[t0] =
  lshr((t0, 2))

-----------------------------------------
-- not recursive
entrypoint getU :: [Word] >>= [Word]
getU[t0] =
  shl((t0, 2))

-----------------------------------------
-- not recursive
entrypoint updU :: [Word, Word] >>= [Word]
updU[t0, t1] =
  lshr((t1, 2))

-----------------------------------------
-- Entrypoints: mkU getU updU
