-----------------------------------------
-- not recursive
entrypoint mkU :: [Bit 32] >>= [Bit 32]
mkU[t0] =
  shl((t0, 4))

-----------------------------------------
-- not recursive
entrypoint getU :: [Bit 32] >>= [Bit 32]
getU[t0] =
  lshr((t0, 4))

-----------------------------------------
-- not recursive
entrypoint updU :: [Bit 32, Bit 32] >>= [Bit 32]
updU[t0, t1] =
  shl((t1, 4))

-----------------------------------------
-- Entrypoints: mkU getU updU
